------------------------------------------------------------
Timing Analyzer Summary
------------------------------------------------------------

Type  : Slow 1200mV 85C Model Setup 'C'
Slack : -0.538
TNS   : -0.538

Type  : Slow 1200mV 85C Model Setup 'DFF_inst2'
Slack : -0.218
TNS   : -0.218

Type  : Slow 1200mV 85C Model Setup 'DFF_inst'
Slack : -0.109
TNS   : -0.109

Type  : Slow 1200mV 85C Model Setup 'DFF_inst4'
Slack : 0.317
TNS   : 0.000

Type  : Slow 1200mV 85C Model Hold 'DFF_inst4'
Slack : 0.384
TNS   : 0.000

Type  : Slow 1200mV 85C Model Hold 'DFF_inst'
Slack : 0.394
TNS   : 0.000

Type  : Slow 1200mV 85C Model Hold 'DFF_inst2'
Slack : 0.449
TNS   : 0.000

Type  : Slow 1200mV 85C Model Hold 'C'
Slack : 0.465
TNS   : 0.000

Type  : Slow 1200mV 85C Model Minimum Pulse Width 'C'
Slack : -3.000
TNS   : -4.000

Type  : Slow 1200mV 85C Model Minimum Pulse Width 'DFF_inst'
Slack : -1.000
TNS   : -1.000

Type  : Slow 1200mV 85C Model Minimum Pulse Width 'DFF_inst2'
Slack : -1.000
TNS   : -1.000

Type  : Slow 1200mV 85C Model Minimum Pulse Width 'DFF_inst4'
Slack : -1.000
TNS   : -1.000

Type  : Slow 1200mV 0C Model Setup 'C'
Slack : -0.411
TNS   : -0.411

Type  : Slow 1200mV 0C Model Setup 'DFF_inst2'
Slack : -0.153
TNS   : -0.153

Type  : Slow 1200mV 0C Model Setup 'DFF_inst'
Slack : -0.052
TNS   : -0.052

Type  : Slow 1200mV 0C Model Setup 'DFF_inst4'
Slack : 0.398
TNS   : 0.000

Type  : Slow 1200mV 0C Model Hold 'DFF_inst4'
Slack : 0.341
TNS   : 0.000

Type  : Slow 1200mV 0C Model Hold 'DFF_inst'
Slack : 0.369
TNS   : 0.000

Type  : Slow 1200mV 0C Model Hold 'C'
Slack : 0.378
TNS   : 0.000

Type  : Slow 1200mV 0C Model Hold 'DFF_inst2'
Slack : 0.427
TNS   : 0.000

Type  : Slow 1200mV 0C Model Minimum Pulse Width 'C'
Slack : -3.000
TNS   : -4.000

Type  : Slow 1200mV 0C Model Minimum Pulse Width 'DFF_inst'
Slack : -1.000
TNS   : -1.000

Type  : Slow 1200mV 0C Model Minimum Pulse Width 'DFF_inst2'
Slack : -1.000
TNS   : -1.000

Type  : Slow 1200mV 0C Model Minimum Pulse Width 'DFF_inst4'
Slack : -1.000
TNS   : -1.000

Type  : Fast 1200mV 0C Model Setup 'C'
Slack : -0.159
TNS   : -0.159

Type  : Fast 1200mV 0C Model Setup 'DFF_inst2'
Slack : 0.138
TNS   : 0.000

Type  : Fast 1200mV 0C Model Setup 'DFF_inst'
Slack : 0.186
TNS   : 0.000

Type  : Fast 1200mV 0C Model Setup 'DFF_inst4'
Slack : 0.624
TNS   : 0.000

Type  : Fast 1200mV 0C Model Hold 'DFF_inst'
Slack : 0.191
TNS   : 0.000

Type  : Fast 1200mV 0C Model Hold 'DFF_inst4'
Slack : 0.206
TNS   : 0.000

Type  : Fast 1200mV 0C Model Hold 'DFF_inst2'
Slack : 0.209
TNS   : 0.000

Type  : Fast 1200mV 0C Model Hold 'C'
Slack : 0.314
TNS   : 0.000

Type  : Fast 1200mV 0C Model Minimum Pulse Width 'C'
Slack : -3.000
TNS   : -4.104

Type  : Fast 1200mV 0C Model Minimum Pulse Width 'DFF_inst'
Slack : -1.000
TNS   : -1.000

Type  : Fast 1200mV 0C Model Minimum Pulse Width 'DFF_inst2'
Slack : -1.000
TNS   : -1.000

Type  : Fast 1200mV 0C Model Minimum Pulse Width 'DFF_inst4'
Slack : -1.000
TNS   : -1.000

------------------------------------------------------------
